files/86.csv
id,week,center_id,meal_id,checkout_price,base_price,emailer_for_promotion,homepage_featured,num_orders
1335532,1,86,2290,300.7,300.7,0,0,1000
1489102,2,86,2290,310.43,310.43,0,0,798
1443107,3,86,2290,309.43,309.43,0,0,541
1406350,4,86,2290,311.43,310.43,0,0,917
1463333,5,86,2290,164.96,309.43,1,1,8612
1021020,6,86,2290,162.05,310.43,0,1,2254
1325494,7,86,2290,157.14,309.43,1,1,4280
1067211,8,86,2290,162.02,311.43,0,1,715
1424385,9,86,2290,301.73,311.43,0,1,1783
1133454,10,86,2290,303.61,311.43,0,1,1053
1190805,11,86,2290,305.55,306.55,0,0,987
1424051,12,86,2290,309.43,311.43,0,0,674
1163045,13,86,2290,297.82,296.82,0,0,971
1383401,14,86,2290,302.7,300.7,0,0,919
1105450,15,86,2290,311.43,310.43,0,0,622
1058835,16,86,2290,310.43,309.43,0,0,539
1479623,17,86,2290,195.97,309.43,1,1,2672
1486311,18,86,2290,305.55,305.55,0,0,1106
1362586,19,86,2290,281.3,283.3,0,0,743
1482203,20,86,2290,296.88,295.88,0,0,594
1287981,21,86,2290,302.64,303.64,0,0,609
1055159,22,86,2290,308.52,307.52,0,0,1270
1194980,23,86,2290,311.43,311.43,0,0,904
1321778,24,86,2290,310.43,311.43,0,0,607
1177320,25,86,2290,309.43,311.43,0,0,432
1382395,26,86,2290,311.43,310.43,0,0,1133
1447795,27,86,2290,310.43,310.43,0,0,755
1276768,28,86,2290,301.73,299.73,0,0,459
1206130,29,86,2290,311.43,310.43,0,0,432
1338214,30,86,2290,310.43,309.43,0,0,729
1341187,31,86,2290,313.34,314.34,0,0,1242
1235633,32,86,2290,262.87,314.34,0,0,701
1330299,33,86,2290,274.54,314.34,0,0,541
1209312,34,86,2290,313.37,313.37,0,0,647
1011586,35,86,2290,312.4,312.4,0,0,1391
1186385,36,86,2290,309.43,311.43,0,0,877
1003076,37,86,2290,311.37,311.37,0,0,555
1172728,38,86,2290,174.63,312.37,1,0,3552
1498213,39,86,2290,280.36,312.37,0,0,1121
1465469,40,86,2290,286.15,286.15,0,0,1039
1373134,41,86,2290,280.36,280.36,0,0,580
1417215,42,86,2290,275.51,276.51,0,0,649
1197364,43,86,2290,288.15,286.15,0,0,688
1071943,44,86,2290,267.72,269.72,0,0,1189
1402417,45,86,2290,237.71,267.72,1,1,2537
1202742,46,86,2290,274.57,273.57,0,0,864
1154055,47,86,2290,265.78,266.78,0,0,622
1211742,48,86,2290,280.33,281.33,0,0,1363
1365503,49,86,2290,277.42,278.42,0,0,851
1460265,50,86,2290,287.15,288.15,0,0,582
1289022,51,86,2290,286.15,287.15,0,0,690
1415993,52,86,2290,288.15,287.15,0,0,1012
1060049,53,86,2290,283.3,282.3,0,0,1513
1189653,54,86,2290,284.27,282.27,0,0,998
1473633,55,86,2290,287.15,288.15,0,0,689
1294298,56,86,2290,288.15,287.15,0,0,674
1485740,57,86,2290,322.04,323.04,0,0,1378
1285798,58,86,2290,296.85,297.85,0,0,1012
1487902,59,86,2290,307.52,307.52,0,0,782
1457324,60,86,2290,314.34,313.34,0,0,527
1114598,61,86,2290,318.19,318.19,0,0,743
1072994,62,86,2290,315.25,317.25,0,0,82
1176614,63,86,2290,328.83,328.83,0,0,312
1106168,64,86,2290,292.97,329.83,0,0,256
1105786,65,86,2290,272.63,330.83,0,0,566
1277013,66,86,2290,302.67,301.67,0,0,703
1203300,67,86,2290,308.49,307.49,0,0,501
1414626,68,86,2290,309.49,308.49,0,0,622
1435158,69,86,2290,289.06,291.06,0,0,676
1067175,70,86,2290,304.61,303.61,0,0,973
1388964,71,86,2290,292.94,293.94,0,0,850
1052227,72,86,2290,301.73,300.73,0,0,513
1232033,73,86,2290,296.85,295.85,0,0,351
1235871,74,86,2290,301.67,301.67,0,0,757
1466248,75,86,2290,300.76,299.76,0,0,473
1272130,76,86,2290,293.91,295.91,0,0,595
1124873,77,86,2290,308.49,309.49,0,0,553
1115558,78,86,2290,309.49,308.49,0,0,823
1065512,79,86,2290,304.61,303.61,0,0,1014
1453294,80,86,2290,300.76,298.76,0,0,919
1227029,81,86,2290,308.49,307.49,0,0,593
1229911,82,86,2290,307.49,309.49,0,0,744
1009563,83,86,2290,303.64,302.64,0,0,1351
1365391,84,86,2290,276.45,278.45,0,0,636
1136571,85,86,2290,224.13,277.45,0,0,769
1373394,86,86,2290,197.88,276.45,0,0,1094
1119274,87,86,2290,298.76,299.76,0,0,837
1493179,88,86,2290,299.79,297.79,0,0,879
1031649,89,86,2290,287.15,287.15,0,0,501
1230847,90,86,2290,194.06,287.15,1,0,1431
1366203,91,86,2290,302.64,303.64,0,0,823
1144670,92,86,2290,293.97,303.64,0,1,1565
1454981,93,86,2290,247.38,302.64,0,1,622
1271744,94,86,2290,245.44,303.64,0,0,1012
1264476,95,86,2290,241.56,303.64,0,0,890
1269676,96,86,2290,302.64,302.64,0,0,1268
1141042,97,86,2290,294.91,293.91,0,0,257
1410277,98,86,2290,266.75,267.75,0,0,581
1132206,99,86,2290,291.06,289.06,0,0,620
1474379,100,86,2290,224.13,290.06,1,1,3295
1174268,101,86,2290,222.19,291.06,1,1,2025
1313600,102,86,2290,185.33,290.06,1,0,2429
1135160,103,86,2290,183.36,290.06,1,0,1689
1004705,104,86,2290,293.91,293.91,0,0,905
1474108,105,86,2290,301.73,299.73,0,0,1432
1279497,106,86,2290,302.64,302.64,0,0,1135
1315815,107,86,2290,304.64,304.64,0,0,973
1284705,108,86,2290,303.64,303.64,0,0,905
1110980,109,86,2290,298.76,298.76,0,0,1203
1430188,110,86,2290,288.15,288.15,0,0,1094
1104070,111,86,2290,292.97,293.97,0,0,796
1411484,112,86,2290,290.09,290.09,0,0,852
1395235,113,86,2290,310.46,310.46,0,0,1106
1010648,114,86,2290,308.49,307.49,0,0,918
1487937,115,86,2290,299.73,301.73,0,0,661
1463546,116,86,2290,313.34,313.34,0,0,566
1419081,117,86,2290,304.64,304.64,0,0,851
1389848,118,86,2290,313.37,311.37,0,0,1446
1387318,119,86,2290,268.72,312.37,1,0,1243
1144049,120,86,2290,268.69,311.37,1,0,1187
1270182,121,86,2290,311.37,312.37,0,0,960
1178298,122,86,2290,302.7,300.7,0,0,1257
1450500,123,86,2290,268.69,301.7,0,0,878
1117938,124,86,2290,277.48,275.48,0,0,717
1336368,125,86,2290,279.39,279.39,0,0,609
1290396,126,86,2290,291.97,293.97,0,0,1296
1010947,127,86,2290,293,291,0,0,931
1295109,128,86,2290,290.06,289.06,0,0,918
1295402,129,86,2290,286.15,287.15,0,0,595
1253084,130,86,2290,289.06,290.06,0,0,486
1265801,131,86,2290,299.79,299.79,0,0,879
1438961,132,86,2290,274.54,273.54,0,0,580
1297361,133,86,2290,297.79,297.79,0,0,674
1205595,134,86,2290,292.03,298.79,1,0,1459
1498131,135,86,2290,293.91,295.91,0,0,973
1478045,136,86,2290,281.3,282.3,0,0,742
1439588,137,86,2290,269.72,269.72,0,0,540
1142344,138,86,2290,267.75,268.75,0,0,512
1322624,139,86,2290,290.06,291.06,0,0,892
1443320,140,86,2290,298.79,298.79,0,0,1013
1141570,141,86,2290,299.79,299.79,0,0,620
1265931,142,86,2290,297.79,298.79,0,0,755
1258541,143,86,2290,297.79,299.79,0,0,674
1085172,144,86,2290,296.85,295.85,0,0,1039
1347092,145,86,2290,286.15,288.15,0,0,350
1296162,1,86,1727,445.23,445.23,0,0,460
1291084,2,86,1727,445.23,446.23,0,0,405
1173085,3,86,1727,447.23,445.23,0,0,432
1115503,4,86,1727,447.23,447.23,0,0,325
1139833,5,86,1727,256.08,447.23,0,1,1729
1407493,6,86,1727,276.45,445.23,0,1,1107
1052434,7,86,1727,425.83,446.23,0,1,621
1217941,8,86,1727,315.28,445.23,0,1,635
1357240,9,86,1727,342.44,446.23,0,0,499
1135711,10,86,1727,363.75,446.23,0,0,459
1370557,11,86,1727,447.23,446.23,0,0,472
1252375,12,86,1727,447.23,446.23,0,0,392
1143740,13,86,1727,447.23,447.23,0,0,539
1376040,14,86,1727,433.59,434.59,0,0,500
1415954,15,86,1727,445.23,445.23,0,0,297
1385132,16,86,1727,447.23,447.23,0,0,325
1292494,17,86,1727,445.23,446.23,0,0,472
1241962,18,86,1727,447.23,446.23,0,0,337
1461760,19,86,1727,430.74,429.74,0,0,364
1288540,20,86,1727,445.23,446.23,0,0,284
1138722,21,86,1727,447.23,445.23,0,0,568
1365847,22,86,1727,445.23,447.23,0,0,512
1029358,23,86,1727,446.23,445.23,0,0,366
1005181,24,86,1727,445.23,446.23,0,0,258
1427612,25,86,1727,268.72,447.23,1,1,1377
1014642,26,86,1727,262.9,447.23,1,1,1930
1235245,27,86,1727,436.53,447.23,0,1,541
1384110,28,86,1727,447.23,445.23,0,0,474
1372106,29,86,1727,446.23,447.23,0,0,310
1329322,30,86,1727,445.23,445.23,0,0,405
1423842,31,86,1727,445.23,447.23,0,0,393
1118039,32,86,1727,446.23,447.23,0,0,431
1134776,33,86,1727,447.23,447.23,0,0,231
1191091,34,86,1727,445.23,447.23,0,0,365
1146176,35,86,1727,447.23,446.23,0,0,188
1489504,36,86,1727,447.23,447.23,0,0,459
1178635,37,86,1727,446.23,447.23,0,0,297
1052298,38,86,1727,445.23,447.23,0,0,366
1060153,39,86,1727,445.23,446.23,0,0,501
1327600,40,86,1727,446.23,445.23,0,0,365
1413204,41,86,1727,447.23,447.23,0,0,350
1104375,42,86,1727,446.23,445.23,0,0,311
1186532,43,86,1727,447.23,447.23,0,0,379
1451081,44,86,1727,447.23,446.23,0,0,501
1109871,45,86,1727,445.23,446.23,0,0,431
1328049,46,86,1727,446.23,445.23,0,0,244
1150670,47,86,1727,447.23,446.23,0,0,244
1497203,48,86,1727,446.23,447.23,0,0,487
1489115,49,86,1727,446.23,446.23,0,0,243
1058894,50,86,1727,446.23,446.23,0,0,364
1382949,51,86,1727,445.23,446.23,0,0,378
1375824,52,86,1727,445.23,447.23,0,0,553
1476744,53,86,1727,447.23,446.23,0,0,473
1371934,54,86,1727,446.23,445.23,0,0,150
1310278,55,86,1727,447.23,445.23,0,0,310
1345004,56,86,1727,445.23,445.23,0,0,513
1454762,57,86,1727,447.23,445.23,0,0,622
1222342,58,86,1727,281.36,447.23,1,1,1295
1307784,59,86,1727,284.24,445.23,1,1,892
1028292,60,86,1727,428.77,427.77,0,0,350
1154147,61,86,1727,440.44,438.44,0,0,540
1330036,62,86,1727,445.23,447.23,0,0,69
1060270,63,86,1727,439.47,438.47,0,0,447
1362111,64,86,1727,445.23,447.23,0,0,271
1242161,65,86,1727,447.23,446.23,0,0,541
1262809,66,86,1727,447.23,446.23,0,0,404
1314264,67,86,1727,446.23,446.23,0,0,392
1258711,68,86,1727,445.23,446.23,0,0,311
1335773,69,86,1727,447.23,445.23,0,0,364
1457190,70,86,1727,447.23,447.23,0,0,406
1101382,71,86,1727,447.23,446.23,0,0,419
1225110,72,86,1727,446.23,446.23,0,0,269
1157975,73,86,1727,437.5,438.5,0,0,339
1010643,74,86,1727,446.23,445.23,0,0,527
1285735,75,86,1727,447.23,447.23,0,0,485
1322715,76,86,1727,446.23,446.23,0,0,297
1193589,77,86,1727,262.9,446.23,1,1,1338
1487044,78,86,1727,263.87,445.23,1,1,1769
1257641,79,86,1727,361.81,445.23,1,0,755
1165253,80,86,1727,445.23,447.23,0,0,487
1450775,81,86,1727,447.23,446.23,0,0,379
1226523,82,86,1727,446.23,446.23,0,0,485
1013262,83,86,1727,273.54,447.23,1,0,1635
1103026,84,86,1727,446.23,445.23,0,0,365
1135274,85,86,1727,447.23,445.23,0,0,217
1302607,86,86,1727,447.23,446.23,0,0,379
1295673,87,86,1727,447.23,447.23,0,0,567
1485193,88,86,1727,445.23,445.23,0,0,325
1147513,89,86,1727,334.68,447.23,0,1,689
1396846,90,86,1727,318.19,447.23,0,1,971
1130345,91,86,1727,344.41,445.23,0,0,608
1094028,92,86,1727,334.65,445.23,0,0,378
1309875,93,86,1727,376.39,447.23,0,0,297
1228405,94,86,1727,446.23,446.23,0,0,446
1170255,95,86,1727,445.23,447.23,0,0,419
1219096,96,86,1727,445.23,445.23,0,0,460
1008207,97,86,1727,447.23,446.23,0,0,68
1432370,98,86,1727,445.23,446.23,0,0,404
1319951,99,86,1727,447.23,447.23,0,0,473
1315987,100,86,1727,445.23,447.23,0,0,595
1098249,101,86,1727,447.23,445.23,0,0,458
1263455,102,86,1727,445.23,446.23,0,0,445
1418085,103,86,1727,445.23,445.23,0,0,391
1412852,104,86,1727,445.23,447.23,0,0,554
1324256,105,86,1727,446.23,446.23,0,0,663
1176020,106,86,1727,445.23,447.23,0,0,460
1311439,107,86,1727,445.23,446.23,0,0,432
1012695,108,86,1727,446.23,445.23,0,0,581
1386010,109,86,1727,447.23,446.23,0,0,580
1138365,110,86,1727,446.23,445.23,0,0,377
1234452,111,86,1727,262.93,445.23,1,1,1122
1445001,112,86,1727,273.54,447.23,1,1,1133
1005350,113,86,1727,251.23,446.23,0,1,1012
1046409,114,86,1727,316.22,447.23,0,0,324
1143527,115,86,1727,465.63,466.63,0,0,283
1291638,116,86,1727,465.63,464.63,0,0,351
1157231,117,86,1727,463.66,465.66,0,0,756
1030966,118,86,1727,464.63,464.63,0,0,526
1428095,119,86,1727,465.63,465.63,0,0,500
1271670,120,86,1727,464.63,466.63,0,0,391
1306909,121,86,1727,466.63,465.63,0,0,487
1076582,122,86,1727,465.63,466.63,0,0,568
1197490,123,86,1727,465.63,466.63,0,0,487
1243553,124,86,1727,464.63,465.63,0,0,432
1112575,125,86,1727,464.63,466.63,0,1,472
1318637,126,86,1727,464.63,464.63,0,1,648
1201517,127,86,1727,465.63,464.63,0,1,607
1372249,128,86,1727,464.63,465.63,0,1,539
1418155,129,86,1727,465.63,464.63,0,0,458
1271863,130,86,1727,464.63,466.63,0,1,715
1409365,131,86,1727,466.63,466.63,0,0,487
1293441,132,86,1727,466.63,466.63,0,0,513
1326305,133,86,1727,460.81,459.81,0,0,567
1259608,134,86,1727,465.63,465.63,0,0,500
1157205,135,86,1727,334.68,464.63,1,1,1230
1088359,136,86,1727,335.68,465.63,1,1,1053
1020454,137,86,1727,342.41,466.63,0,1,944
1147866,138,86,1727,465.63,464.63,0,0,404
1021846,139,86,1727,464.63,466.63,0,0,715
1336187,140,86,1727,465.63,465.63,0,0,527
1388048,141,86,1727,465.63,465.63,0,0,283
1320592,142,86,1727,466.63,464.63,0,0,513
1067595,143,86,1727,464.63,465.63,0,0,593
1206886,144,86,1727,466.63,466.63,0,0,622
1283218,145,86,1727,466.63,466.63,0,0,445
