files/86.csv
id,week,center_id,meal_id,checkout_price,base_price,emailer_for_promotion,homepage_featured,num_orders
1229228,1,86,1525,242.5,281.33,0,1,215
1090355,2,86,1525,244.5,280.33,0,0,148
1387981,3,86,1525,244.5,282.33,0,1,204
1365328,4,86,1525,242.5,282.33,0,1,163
1218425,5,86,1525,291.03,282.33,0,1,107
1150439,6,86,1525,292.03,281.33,0,1,162
1430828,7,86,1525,290.03,290.03,0,0,95
1094277,8,86,1525,291.03,291.03,0,1,150
1384482,9,86,1525,291.03,292.03,0,1,109
1158848,10,86,1525,243.53,292.03,0,0,82
1390021,11,86,1525,250.32,291.03,0,1,94
1184089,12,86,1525,243.53,290.03,0,1,149
1027845,13,86,1525,292.03,290.03,0,1,81
1411655,14,86,1525,290.03,291.03,0,1,163
1444922,15,86,1525,291.03,291.03,0,1,95
1181509,16,86,1525,292.03,292.03,0,1,175
1335807,17,86,1525,290.03,291.03,0,1,107
1416747,18,86,1525,292.03,290.03,0,0,80
1003295,19,86,1525,292.03,291.03,0,0,26
1011080,20,86,1525,260.93,292.03,0,0,15
1252225,21,86,1525,290.03,292.03,0,0,81
1499066,22,86,1525,242.5,291.03,0,0,54
1296142,23,86,1525,242.5,290.03,0,0,53
1128594,24,86,1525,254.14,291.03,0,0,53
1352665,25,86,1525,292.03,290.03,0,0,27
1438959,26,86,1525,290.03,290.03,0,0,15
1217714,27,86,1525,292.03,290.03,0,0,26
1385129,28,86,1525,262.93,290.03,0,1,53
1169923,29,86,1525,262.93,290.03,0,1,67
1200391,30,86,1525,260.93,292.03,0,0,40
1384911,31,86,1525,290.03,292.03,0,0,42
1358390,32,86,1525,292.03,290.03,0,0,55
1326439,33,86,1525,290.03,291.03,0,0,41
1407405,34,86,1525,291.03,292.03,0,0,27
1345010,35,86,1525,250.29,292.03,0,0,82
1427041,36,86,1525,252.23,290.03,0,0,67
1104027,37,86,1525,241.53,290.03,0,0,42
1453856,38,86,1525,243.53,291.03,0,0,13
1009186,39,86,1525,290.03,291.03,0,0,41
1090714,40,86,1525,292.03,290.03,0,0,54
1198896,41,86,1525,291.03,290.03,0,0,80
1363973,42,86,1525,290.03,292.03,0,0,28
1316732,44,86,1525,264.87,263.87,0,0,69
1105128,45,86,1525,263.87,263.87,0,0,28
1041581,46,86,1525,290.03,292.03,0,0,40
1381313,47,86,1525,290.03,292.03,0,0,13
1102824,48,86,1525,290.03,290.03,0,0,69
1417883,49,86,1525,291.03,290.03,0,0,69
1208000,50,86,1525,292.03,291.03,0,0,41
1083431,51,86,1525,291.03,290.03,0,0,26
1357390,52,86,1525,290.03,292.03,0,0,80
1055672,53,86,1525,292.03,290.03,0,0,26
1287759,54,86,1525,291.03,291.03,0,0,69
1089819,55,86,1525,290.03,290.03,0,0,27
1004388,56,86,1525,241.53,291.03,0,0,40
1248772,57,86,1525,241.53,292.03,0,1,123
1438858,58,86,1525,243.53,291.03,0,0,67
1109458,60,86,1525,290.03,292.03,0,0,67
1478951,61,86,1525,292.03,291.03,0,0,69
1263193,63,86,1525,243.53,291.03,0,0,82
1207824,64,86,1525,242.53,291.03,0,0,109
1315983,65,86,1525,242.53,290.03,0,0,27
1420109,67,86,1525,291.03,290.03,0,0,53
1173883,68,86,1525,291.03,292.03,0,0,40
1184427,70,86,1525,291.03,290.03,0,0,53
1363693,71,86,1525,292.03,292.03,0,0,15
1391481,72,86,1525,291.03,291.03,0,0,41
1279998,73,86,1525,244.5,291.03,0,1,95
1081639,74,86,1525,244.5,291.03,0,1,189
1134595,75,86,1525,244.5,290.03,0,0,80
1349713,76,86,1525,243.5,292.03,0,0,28
1396371,77,86,1525,291.03,292.03,0,0,28
1168915,78,86,1525,291.03,291.03,0,0,67
1383519,79,86,1525,292.03,292.03,0,0,27
1406729,80,86,1525,243.53,291.03,0,0,26
1248308,81,86,1525,241.53,290.03,0,0,95
1378307,82,86,1525,243.53,290.03,0,0,27
1368051,83,86,1525,292.03,291.03,0,0,15
1147633,84,86,1525,291.03,291.03,0,0,53
1219648,85,86,1525,242.5,290.03,0,0,14
1356406,86,86,1525,242.5,292.03,0,0,26
1363701,87,86,1525,242.5,291.03,0,0,14
1095341,88,86,1525,243.5,290.03,0,0,94
1015797,89,86,1525,290.03,290.03,0,0,41
1166340,90,86,1525,290.03,292.03,0,0,41
1346743,91,86,1525,292.03,291.03,0,0,68
1041470,92,86,1525,292.03,291.03,0,0,15
1012593,93,86,1525,290.03,292.03,0,0,27
1147315,94,86,1525,292.03,292.03,0,0,40
1067475,95,86,1525,290.03,291.03,0,0,13
1076569,96,86,1525,243.53,291.03,0,0,53
1113843,98,86,1525,243.53,291.03,0,0,14
1471665,99,86,1525,290.03,291.03,0,0,15
1428399,100,86,1525,290.03,292.03,0,0,41
1431553,101,86,1525,291.03,291.03,0,0,15
1295486,102,86,1525,290.03,290.03,0,0,41
1338881,104,86,1525,243.5,291.03,0,0,41
1316840,105,86,1525,243.5,290.03,0,0,40
1247748,106,86,1525,243.5,292.03,0,0,41
1487300,107,86,1525,244.5,291.03,0,0,28
1046316,108,86,1525,261.93,291.03,0,0,13
1410973,109,86,1525,262.93,290.03,0,0,14
1468702,111,86,1525,243.53,243.53,0,0,13
1449061,112,86,1525,242.53,242.53,0,0,42
1182911,113,86,1525,241.53,241.53,0,0,55
1199407,114,86,1525,243.53,242.53,0,0,28
1430349,117,86,1525,290.03,291.03,0,0,26
1132913,118,86,1525,290.03,291.03,0,0,53
1417614,121,86,1525,243.53,292.03,0,0,42
1065832,122,86,1525,233.83,292.03,0,0,69
1478704,123,86,1525,242.53,292.03,0,0,41
1491302,125,86,1525,321.13,321.13,0,0,15
1296946,127,86,1525,319.13,319.13,0,0,13
1127999,128,86,1525,319.13,320.13,0,0,27
1079947,129,86,1525,320.13,321.13,0,0,14
1141515,130,86,1525,319.13,320.13,0,0,26
1429272,132,86,1525,254.14,321.13,0,0,40
1357227,134,86,1525,295.88,295.88,0,0,26
1036699,136,86,1525,321.13,319.13,0,0,68
1172107,137,86,1525,261.93,320.13,0,1,41
1103130,138,86,1525,260.93,321.13,0,1,42
1033894,139,86,1525,260.93,320.13,0,1,28
1327324,141,86,1525,321.13,320.13,0,1,14
1499159,142,86,1525,320.13,321.13,0,1,28
1203496,143,86,1525,320.13,320.13,0,1,15
1436388,144,86,1525,321.13,321.13,0,0,28
1437732,145,86,1525,319.13,319.13,0,0,40
1161878,1,86,2704,248.38,280.33,0,1,135
1262112,2,86,2704,243.5,282.33,0,1,122
1193369,3,86,2704,243.5,281.33,0,1,123
1038914,4,86,2704,243.5,280.33,0,1,162
1374125,5,86,2704,292.03,292.03,0,0,41
1042686,6,86,2704,290.03,290.03,0,0,69
1036364,7,86,2704,291.03,291.03,0,1,53
1012872,8,86,2704,291.03,291.03,0,1,27
1379296,9,86,2704,291.03,291.03,0,1,40
1121730,10,86,2704,242.53,290.03,0,0,81
1071719,11,86,2704,243.53,291.03,0,1,14
1329003,12,86,2704,242.53,292.03,0,1,42
1424415,13,86,2704,292.03,292.03,0,0,41
1110878,14,86,2704,290.03,292.03,0,0,27
1381822,15,86,2704,291.03,290.03,0,1,42
1109332,16,86,2704,292.03,291.03,0,1,69
1068997,17,86,2704,292.03,290.03,0,1,53
1049669,18,86,2704,291.03,290.03,0,0,67
1239526,19,86,2704,292.03,291.03,0,0,40
1190526,20,86,2704,290.03,292.03,0,0,27
1318691,21,86,2704,291.03,291.03,0,0,42
1056612,23,86,2704,243.5,290.03,0,0,40
1415505,24,86,2704,243.5,292.03,0,0,13
1267203,25,86,2704,290.03,290.03,0,0,14
1149657,26,86,2704,290.03,291.03,0,0,26
1357837,27,86,2704,290.03,290.03,0,0,15
1021166,28,86,2704,260.93,292.03,0,1,68
1121123,29,86,2704,260.93,290.03,0,1,69
1052683,30,86,2704,262.93,292.03,0,0,69
1055802,32,86,2704,292.03,292.03,0,0,15
1006222,33,86,2704,290.03,290.03,0,0,28
1369987,34,86,2704,291.03,292.03,0,0,41
1311790,38,86,2704,243.53,292.03,0,0,28
1006957,39,86,2704,291.03,291.03,0,0,14
1129862,40,86,2704,292.03,291.03,0,0,41
1322552,41,86,2704,292.03,290.03,0,0,15
1212755,42,86,2704,292.03,291.03,0,0,54
1247040,43,86,2704,262.87,264.87,0,0,54
1377136,44,86,2704,269.72,268.72,0,0,82
1134428,45,86,2704,263.87,262.87,0,0,81
1047577,46,86,2704,291.03,291.03,0,0,107
1295222,47,86,2704,292.03,292.03,0,0,15
1232216,48,86,2704,291.03,291.03,0,0,54
1096316,49,86,2704,292.03,292.03,0,0,95
1459298,50,86,2704,292.03,290.03,0,0,26
1385095,51,86,2704,292.03,292.03,0,0,54
1216855,52,86,2704,291.03,290.03,0,0,26
1465639,53,86,2704,291.03,292.03,0,0,81
1291427,54,86,2704,292.03,290.03,0,0,28
1319364,55,86,2704,290.03,290.03,0,0,28
1023638,56,86,2704,242.53,290.03,0,0,13
1028697,57,86,2704,248.35,292.03,0,1,107
1196585,58,86,2704,242.53,290.03,0,0,14
1211715,59,86,2704,290.03,292.03,0,0,82
1392568,60,86,2704,290.03,291.03,0,0,42
1412318,61,86,2704,292.03,292.03,0,0,40
1123554,62,86,2704,290.03,291.03,0,0,13
1132720,63,86,2704,266.78,267.78,0,0,55
1299899,64,86,2704,242.53,242.53,0,0,68
1397083,65,86,2704,241.53,242.53,0,0,55
1374021,66,86,2704,291.03,292.03,0,0,54
1368650,67,86,2704,292.03,292.03,0,0,41
1236307,68,86,2704,290.03,291.03,0,0,53
1170252,69,86,2704,292.03,291.03,0,0,28
1309999,70,86,2704,290.03,290.03,0,0,15
1343449,72,86,2704,290.03,291.03,0,0,26
1207026,73,86,2704,242.5,290.03,0,1,82
1181800,74,86,2704,243.5,291.03,0,0,80
1222344,75,86,2704,243.5,292.03,0,0,96
1059321,76,86,2704,243.5,290.03,0,0,40
1413307,78,86,2704,292.03,291.03,0,0,14
1175080,79,86,2704,290.03,292.03,0,0,53
1220592,80,86,2704,242.53,292.03,0,0,53
1462381,81,86,2704,241.53,291.03,0,0,40
1043582,82,86,2704,242.53,291.03,0,0,54
1004183,83,86,2704,292.03,290.03,0,0,26
1300449,84,86,2704,291.03,290.03,0,0,14
1182466,85,86,2704,268.75,266.75,0,0,27
1439021,86,86,2704,242.5,244.5,0,0,54
1489227,87,86,2704,242.5,242.5,0,0,42
1094859,88,86,2704,242.5,242.5,0,0,55
1344639,89,86,2704,291.03,291.03,0,0,28
1278015,90,86,2704,291.03,291.03,0,0,13
1343112,91,86,2704,291.03,290.03,0,0,28
1433787,92,86,2704,291.03,291.03,0,0,26
1222764,93,86,2704,291.03,291.03,0,0,28
1244487,94,86,2704,290.03,290.03,0,0,40
1026188,95,86,2704,290.03,291.03,0,0,13
1098259,96,86,2704,250.29,291.03,0,0,80
1176718,97,86,2704,241.53,292.03,0,0,55
1119185,98,86,2704,243.53,290.03,0,0,54
1201030,99,86,2704,290.03,290.03,0,0,13
1225290,100,86,2704,291.03,292.03,0,0,26
1068470,101,86,2704,290.03,291.03,0,0,26
1143632,102,86,2704,291.03,292.03,0,0,15
1398830,104,86,2704,243.5,290.03,0,0,27
1385211,105,86,2704,243.5,292.03,0,0,68
1332974,106,86,2704,242.5,292.03,0,0,40
1222589,107,86,2704,244.5,291.03,0,0,55
1442109,108,86,2704,260.93,290.03,0,0,42
1117842,109,86,2704,262.93,290.03,0,0,68
1251284,110,86,2704,241.53,241.53,0,0,42
1041873,111,86,2704,243.53,242.53,0,0,53
1475515,112,86,2704,242.53,243.53,0,0,40
1366570,113,86,2704,243.53,242.53,0,0,42
1448668,114,86,2704,243.53,243.53,0,0,41
1466546,115,86,2704,292.03,290.03,0,0,67
1323660,116,86,2704,292.03,291.03,0,0,13
1470549,117,86,2704,290.03,291.03,0,0,40
1250359,118,86,2704,290.03,291.03,0,0,26
1046107,119,86,2704,290.03,290.03,0,0,27
1073835,120,86,2704,292.03,291.03,0,0,15
1392832,121,86,2704,241.53,292.03,0,0,55
1208811,122,86,2704,233.77,290.03,0,0,81
1445300,123,86,2704,227.04,290.03,0,0,40
1015366,124,86,2704,321.13,320.13,0,0,27
1451318,125,86,2704,321.13,319.13,0,0,14
1308290,126,86,2704,319.13,320.13,0,0,26
1070813,127,86,2704,321.13,319.13,0,0,53
1062404,129,86,2704,319.13,320.13,0,0,28
1035013,131,86,2704,271.63,319.13,0,0,41
1115327,132,86,2704,272.63,320.13,0,0,41
1431429,133,86,2704,270.63,321.13,0,0,27
1280123,135,86,2704,321.13,320.13,0,0,14
1372117,136,86,2704,321.13,319.13,0,0,26
1354070,137,86,2704,262.93,321.13,0,1,53
1098487,138,86,2704,261.93,320.13,0,1,40
1037872,139,86,2704,260.93,321.13,0,1,13
1221071,140,86,2704,307.49,320.13,0,1,67
1457767,141,86,2704,321.13,320.13,0,1,14
1315361,142,86,2704,319.13,319.13,0,1,68
1382107,143,86,2704,319.13,321.13,0,1,14
1140059,144,86,2704,320.13,319.13,0,0,26
1324395,1,86,2492,387.03,387.03,0,0,13
1089346,2,86,2492,387.03,387.03,0,0,27
1259072,3,86,2492,389.03,389.03,0,0,41
1345371,4,86,2492,388.03,388.03,0,0,82
1098635,5,86,2492,388.03,389.03,0,0,14
1391056,6,86,2492,387.03,387.03,0,0,41
1107049,7,86,2492,388.03,388.03,0,0,15
1311233,8,86,2492,389.03,389.03,0,0,26
1403716,9,86,2492,389.03,389.03,0,0,109
1216315,10,86,2492,387.03,387.03,0,0,27
1171843,11,86,2492,387.03,389.03,0,0,82
1423345,12,86,2492,388.03,389.03,0,0,27
1379390,13,86,2492,387.03,387.03,0,0,41
1138384,14,86,2492,388.03,389.03,0,0,80
1386214,15,86,2492,388.03,388.03,0,0,148
1372048,16,86,2492,389.03,389.03,0,0,27
1495625,17,86,2492,388.03,389.03,0,0,13
1059061,19,86,2492,388.03,387.03,0,0,55
1282049,20,86,2492,387.03,388.03,0,0,27
1465522,21,86,2492,388.03,387.03,0,0,40
1097307,22,86,2492,387.03,389.03,0,0,27
1201582,23,86,2492,387.03,389.03,0,0,54
1324730,24,86,2492,387.03,388.03,0,0,53
1350573,25,86,2492,389.03,387.03,0,0,26
1347334,26,86,2492,389.03,388.03,0,0,68
1354638,27,86,2492,387.03,388.03,0,0,54
1186163,28,86,2492,291,389.03,1,0,41
1023275,29,86,2492,292,389.03,1,0,69
1294295,30,86,2492,291,388.03,0,0,40
1371906,31,86,2492,291,388.03,0,0,94
1057401,33,86,2492,388.03,389.03,0,0,26
1337081,35,86,2492,387.03,389.03,0,0,26
1484142,36,86,2492,387.03,389.03,0,0,14
1413081,38,86,2492,388.03,389.03,0,0,15
1073530,39,86,2492,387.03,387.03,0,0,42
1374514,40,86,2492,388.03,389.03,0,0,27
1445843,41,86,2492,387.03,387.03,0,0,15
1387371,42,86,2492,389.03,388.03,0,0,14
1499436,43,86,2492,388.03,388.03,0,0,26
1104317,44,86,2492,388.03,387.03,0,0,15
1154391,47,86,2492,290.03,389.03,0,0,27
1389129,48,86,2492,291.03,387.03,0,0,28
1196603,51,86,2492,387.03,389.03,0,0,13
1413819,52,86,2492,388.03,389.03,0,0,13
1254122,53,86,2492,388.03,389.03,0,0,28
1470156,54,86,2492,389.03,389.03,0,1,13
1246951,55,86,2492,387.03,389.03,0,1,26
1491132,56,86,2492,387.03,388.03,0,1,41
1007303,57,86,2492,389.03,389.03,0,1,14
1234298,58,86,2492,388.03,387.03,0,0,40
1151796,59,86,2492,387.03,389.03,0,1,53
1236982,60,86,2492,387.03,387.03,0,0,82
1405306,62,86,2492,389.03,389.03,0,1,13
1286262,63,86,2492,291,388.03,1,1,67
1197148,64,86,2492,291,389.03,1,1,67
1307844,65,86,2492,388.03,388.03,0,1,13
1281127,66,86,2492,389.03,389.03,0,1,41
1078735,67,86,2492,388.03,387.03,0,1,26
1361179,68,86,2492,387.03,388.03,0,1,55
1303847,69,86,2492,387.03,387.03,0,1,26
1432196,70,86,2492,389.03,387.03,0,1,42
1288871,71,86,2492,387.03,388.03,0,1,13
1070843,72,86,2492,387.03,388.03,0,1,28
1329610,73,86,2492,388.03,387.03,0,1,26
1213385,74,86,2492,387.03,389.03,0,0,14
1400415,75,86,2492,387.03,389.03,0,1,28
1132850,77,86,2492,389.03,389.03,0,1,13
1374370,78,86,2492,388.03,389.03,0,1,27
1070857,79,86,2492,388.03,388.03,0,1,26
1315436,80,86,2492,292,387.03,0,1,96
1150019,81,86,2492,293,389.03,1,1,134
1167077,82,86,2492,292,387.03,0,1,81
1237423,83,86,2492,293,389.03,0,1,40
1114184,84,86,2492,388.03,389.03,0,1,14
1443864,86,86,2492,388.03,388.03,0,0,69
1165281,88,86,2492,388.03,387.03,0,0,28
1203395,89,86,2492,387.03,389.03,0,0,27
1156349,90,86,2492,388.03,389.03,0,0,26
1093504,91,86,2492,389.03,387.03,0,0,67
1482241,92,86,2492,389.03,387.03,0,0,28
1493283,93,86,2492,388.03,389.03,0,0,26
1360939,94,86,2492,388.03,388.03,0,0,41
1394528,95,86,2492,387.03,387.03,0,0,67
1310425,96,86,2492,292,387.03,0,0,80
1365929,98,86,2492,302.64,389.03,0,0,108
1236351,99,86,2492,293,389.03,0,0,94
1434371,100,86,2492,388.03,387.03,0,0,69
1307357,105,86,2492,388.03,389.03,0,0,95
1282779,106,86,2492,387.03,388.03,0,0,26
1429244,107,86,2492,389.03,389.03,0,0,121
1498293,108,86,2492,341.5,388.03,0,0,67
1231663,109,86,2492,341.5,389.03,0,0,81
1129948,110,86,2492,387.03,389.03,0,0,82
1244558,111,86,2492,389.03,387.03,0,0,81
1460053,112,86,2492,388.03,389.03,0,0,28
1411208,113,86,2492,389.03,389.03,0,0,69
1419303,114,86,2492,388.03,388.03,0,0,40
1459751,115,86,2492,387.03,388.03,0,0,82
1291412,116,86,2492,387.03,387.03,0,0,54
1136523,117,86,2492,387.03,387.03,0,0,40
1049431,118,86,2492,388.03,389.03,0,0,53
1195102,119,86,2492,387.03,387.03,0,0,40
1376571,120,86,2492,341.5,388.03,1,1,53
1101766,121,86,2492,339.5,388.03,0,0,82
1310085,122,86,2492,333.71,389.03,0,0,95
1427704,123,86,2492,340.5,387.03,0,0,28
1169185,125,86,2492,387.03,387.03,0,1,27
1050825,126,86,2492,389.03,389.03,0,0,54
1054456,127,86,2492,389.03,389.03,0,0,26
1455923,128,86,2492,388.03,388.03,0,0,53
1419665,129,86,2492,387.03,388.03,0,0,68
1288172,130,86,2492,388.03,389.03,0,0,54
1405248,131,86,2492,388.03,388.03,0,0,108
1098995,132,86,2492,277.45,387.03,0,1,150
1306253,133,86,2492,271.6,388.03,0,1,107
1379015,134,86,2492,310.43,388.03,0,0,135
1390558,135,86,2492,318.16,388.03,0,0,95
1194177,136,86,2492,389.03,388.03,0,0,96
1126311,137,86,2492,388.03,389.03,0,0,55
1107756,138,86,2492,387.03,388.03,0,0,15
1176473,139,86,2492,388.03,389.03,0,0,53
1131056,140,86,2492,388.03,388.03,0,0,54
1155564,141,86,2492,340.47,388.03,0,0,67
1370651,142,86,2492,341.47,388.03,0,0,81
1113190,143,86,2492,388.03,389.03,0,0,41
1209034,144,86,2492,389.03,389.03,0,0,27
1417653,145,86,2492,388.03,387.03,0,0,28
