files/86.csv
id,week,center_id,meal_id,checkout_price,base_price,emailer_for_promotion,homepage_featured,num_orders
1226355,1,86,1543,485.03,484.03,0,0,150
1045690,2,86,1543,485.03,484.03,0,0,203
1268916,3,86,1543,484.03,486.03,0,0,80
1474621,4,86,1543,486.03,485.03,0,0,108
1420914,5,86,1543,484.03,485.03,0,0,15
1416820,6,86,1543,436.5,438.5,0,0,81
1329659,7,86,1543,438.5,438.5,0,1,175
1415143,8,86,1543,437.5,438.5,0,0,14
1037844,9,86,1543,436.5,436.5,0,1,28
1444010,10,86,1543,484.03,438.5,0,1,28
1034954,11,86,1543,485.03,436.5,0,1,27
1415608,12,86,1543,486.03,485.03,0,0,28
1251972,13,86,1543,485.03,485.03,0,1,67
1094659,14,86,1543,486.03,486.03,0,1,81
1318947,15,86,1543,485.03,485.03,0,1,41
1333938,16,86,1543,485.03,485.03,0,1,96
1400361,17,86,1543,387.03,485.03,0,1,177
1231097,18,86,1543,387.03,486.03,0,0,95
1218440,19,86,1543,388.03,486.03,0,1,216
1062474,20,86,1543,396.79,485.03,0,0,175
1368062,21,86,1543,437.53,486.03,0,0,53
1414695,22,86,1543,484.03,485.03,0,0,109
1324638,23,86,1543,484.03,485.03,0,0,81
1016124,24,86,1543,486.03,486.03,0,0,53
1271386,25,86,1543,485.03,484.03,0,0,40
1224656,26,86,1543,484.03,486.03,0,0,26
1099618,27,86,1543,484.03,485.03,0,0,96
1391110,28,86,1543,484.03,485.03,0,0,27
1105232,29,86,1543,486.03,486.03,0,0,69
1373557,30,86,1543,486.03,484.03,0,0,27
1166660,31,86,1543,486.03,484.03,0,0,95
1163947,32,86,1543,389.03,484.03,1,0,82
1488337,33,86,1543,387.03,484.03,0,1,122
1066927,34,86,1543,389.03,484.03,0,0,27
1268599,35,86,1543,388.03,484.03,0,1,80
1125664,36,86,1543,485.03,485.03,0,0,41
1236887,37,86,1543,486.03,485.03,0,1,53
1258381,38,86,1543,484.03,486.03,0,0,55
1488844,39,86,1543,485.03,485.03,0,0,40
1087937,40,86,1543,485.03,486.03,0,0,13
1273851,41,86,1543,484.03,484.03,0,0,26
1162975,42,86,1543,484.03,485.03,0,0,41
1018435,43,86,1543,390,484.03,1,0,69
1460976,44,86,1543,389,484.03,1,1,42
1053765,45,86,1543,388,485.03,0,1,14
1069949,46,86,1543,390,484.03,0,1,95
1097573,47,86,1543,486.03,485.03,0,0,53
1163492,48,86,1543,486.03,486.03,0,1,94
1166996,49,86,1543,484.03,484.03,0,1,68
1026081,50,86,1543,484.03,484.03,0,1,42
1333511,51,86,1543,484.03,485.03,0,1,28
1284788,52,86,1543,484.03,484.03,0,1,13
1430660,53,86,1543,484.03,484.03,0,1,96
1045577,54,86,1543,486.03,485.03,0,0,41
1227860,55,86,1543,389.03,485.03,1,1,176
1206771,56,86,1543,387.03,485.03,0,1,28
1015491,57,86,1543,388.03,485.03,0,1,123
1439609,58,86,1543,388.03,484.03,0,1,95
1439122,59,86,1543,484.03,486.03,0,0,53
1030105,60,86,1543,461.78,486.03,0,1,53
1308799,61,86,1543,486.03,485.03,0,0,40
1421189,62,86,1543,486.03,484.03,0,0,27
1069022,63,86,1543,485.03,484.03,0,0,81
1172362,64,86,1543,484.03,485.03,0,0,82
1070730,65,86,1543,486.03,486.03,0,0,81
1319193,66,86,1543,484.03,486.03,0,0,96
1059924,67,86,1543,484.03,485.03,0,0,28
1026774,68,86,1543,484.03,484.03,0,0,28
1343017,69,86,1543,484.03,485.03,0,0,55
1243992,70,86,1543,484.03,485.03,0,1,41
1329800,71,86,1543,485.03,486.03,0,0,81
1113016,72,86,1543,377.39,486.03,1,0,94
1285140,73,86,1543,387.03,486.03,0,0,54
1341837,74,86,1543,339.53,486.03,0,0,27
1310045,75,86,1543,387.03,485.03,0,0,80
1001713,76,86,1543,484.03,484.03,0,0,13
1098329,77,86,1543,486.03,484.03,0,0,27
1120386,78,86,1543,486.03,486.03,0,1,54
1491672,79,86,1543,486.03,484.03,0,0,40
1259926,80,86,1543,486.03,486.03,0,0,42
1480808,81,86,1543,486.03,484.03,0,0,41
1456135,82,86,1543,485.03,486.03,0,0,26
1115905,83,86,1543,397.7,486.03,0,0,121
1241946,84,86,1543,388.03,485.03,0,0,28
1371145,85,86,1543,388.03,484.03,0,0,42
1357794,86,86,1543,389.03,484.03,0,0,27
1374451,87,86,1543,484.03,484.03,0,1,81
1041162,88,86,1543,484.03,486.03,0,0,41
1173019,89,86,1543,485.03,484.03,0,0,68
1158020,90,86,1543,486.03,485.03,0,1,13
1046851,91,86,1543,485.03,485.03,0,0,81
1395554,92,86,1543,484.03,484.03,0,0,80
1394401,93,86,1543,486.03,486.03,0,0,121
1149537,94,86,1543,485.03,486.03,0,0,41
1103005,95,86,1543,485.03,485.03,0,0,55
1451860,96,86,1543,485.03,486.03,0,0,55
1446881,97,86,1543,486.03,484.03,0,0,68
1366326,98,86,1543,484.03,484.03,0,0,27
1045502,99,86,1543,486.03,484.03,0,0,40
1181181,100,86,1543,485.03,486.03,0,0,134
1176184,101,86,1543,485.03,484.03,0,0,67
1054378,102,86,1543,486.03,486.03,0,0,26
1284202,104,86,1543,486.03,486.03,0,0,82
1223630,105,86,1543,484.03,484.03,0,0,94
1116203,106,86,1543,485.03,484.03,0,0,134
1137415,107,86,1543,484.03,485.03,0,0,81
1398695,108,86,1543,485.03,484.03,0,0,67
1205896,109,86,1543,484.03,486.03,0,0,82
1345531,110,86,1543,473.39,472.39,0,0,81
1417679,111,86,1543,473.39,473.39,0,0,82
1103259,112,86,1543,473.39,474.39,0,0,96
1331911,113,86,1543,474.39,474.39,0,0,149
1033773,114,86,1543,474.39,474.39,0,0,163
1404780,115,86,1543,472.39,472.39,0,0,107
1246310,116,86,1543,472.39,472.39,0,0,94
1276936,117,86,1543,389.03,474.39,0,1,123
1327705,118,86,1543,387.03,472.39,0,0,94
1428701,119,86,1543,389.03,473.39,0,0,177
1098895,120,86,1543,389.03,472.39,0,0,68
1410407,121,86,1543,468.51,470.51,0,0,53
1476175,122,86,1543,469.51,468.51,0,0,108
1116342,123,86,1543,468.51,470.51,0,0,68
1108862,124,86,1543,469.51,470.51,0,0,68
1009184,125,86,1543,389.03,470.51,0,0,108
1352250,126,86,1543,387.03,468.51,0,0,109
1063581,127,86,1543,388.03,468.51,0,0,123
1284251,128,86,1543,388.03,469.51,0,0,80
1298310,129,86,1543,468.51,468.51,0,0,55
1113451,130,86,1543,470.51,470.51,0,0,121
1327738,131,86,1543,470.51,470.51,0,0,54
1276297,132,86,1543,470.51,469.51,0,0,55
1331906,133,86,1543,484.09,483.09,0,0,55
1237420,134,86,1543,483.09,483.09,0,0,27
1025000,135,86,1543,485.03,486.03,0,0,41
1283862,136,86,1543,484.03,484.03,0,0,15
1284938,137,86,1543,399.7,486.03,1,0,123
1319083,138,86,1543,401.64,486.03,1,0,107
1123757,139,86,1543,389.03,486.03,0,1,189
1173607,140,86,1543,455.9,457.9,0,0,96
1273672,141,86,1543,486.03,486.03,0,0,27
1057397,142,86,1543,486.03,486.03,0,0,55
1090892,143,86,1543,486.03,486.03,0,0,53
1055276,144,86,1543,484.03,486.03,0,0,95
1267406,145,86,1543,486.03,484.03,0,0,26
1261228,1,86,2304,486.03,484.03,0,0,175
1182319,2,86,2304,485.03,484.03,0,0,69
1044580,3,86,2304,484.03,485.03,0,0,41
1237514,4,86,2304,486.03,486.03,0,0,54
1396325,5,86,2304,485.03,485.03,0,0,42
1021069,6,86,2304,437.5,437.5,0,0,121
1207816,7,86,2304,437.5,436.5,0,0,81
1120140,8,86,2304,437.5,436.5,0,0,26
1405274,10,86,2304,485.03,485.03,0,0,41
1442823,11,86,2304,486.03,484.03,0,0,28
1417204,12,86,2304,484.03,486.03,0,0,26
1255133,13,86,2304,486.03,485.03,0,1,53
1461427,14,86,2304,485.03,485.03,0,1,96
1296079,15,86,2304,485.03,485.03,0,1,26
1242603,16,86,2304,486.03,486.03,0,1,28
1101369,17,86,2304,395.79,485.03,0,1,163
1290383,18,86,2304,387.03,486.03,0,0,42
1430301,19,86,2304,387.03,484.03,0,0,96
1062222,20,86,2304,388.03,485.03,0,0,122
1446111,21,86,2304,467.54,468.54,0,0,82
1229873,23,86,2304,486.03,485.03,0,0,28
1330145,24,86,2304,486.03,485.03,0,0,14
1324698,25,86,2304,484.03,486.03,0,0,69
1275726,26,86,2304,485.03,484.03,0,0,53
1180527,27,86,2304,484.03,484.03,0,0,54
1289510,28,86,2304,486.03,486.03,0,0,13
1168234,29,86,2304,486.03,485.03,0,0,53
1364450,30,86,2304,485.03,484.03,0,0,26
1284510,31,86,2304,485.03,484.03,0,0,13
1331132,32,86,2304,396.73,485.03,1,0,136
1067646,33,86,2304,388.03,486.03,0,0,27
1135018,34,86,2304,389.03,484.03,0,0,41
1237833,35,86,2304,389.03,486.03,0,0,26
1249842,39,86,2304,486.03,485.03,0,0,27
1129827,40,86,2304,486.03,486.03,0,0,27
1420067,41,86,2304,486.03,486.03,0,0,53
1113654,42,86,2304,486.03,485.03,0,0,42
1428317,43,86,2304,389,486.03,1,0,108
1442294,44,86,2304,428.8,486.03,1,1,67
1180027,45,86,2304,389,486.03,0,1,68
1233707,46,86,2304,388,484.03,0,0,40
1071435,47,86,2304,485.03,485.03,0,0,13
1320630,48,86,2304,484.03,485.03,0,0,41
1142052,49,86,2304,476.27,484.03,0,1,176
1355829,50,86,2304,486.03,484.03,0,1,26
1078755,51,86,2304,485.03,484.03,0,1,13
1448939,52,86,2304,486.03,485.03,0,0,13
1430926,53,86,2304,485.03,486.03,0,0,94
1166308,54,86,2304,484.03,484.03,0,0,27
1311907,55,86,2304,387.03,485.03,1,0,108
1209301,56,86,2304,389.03,486.03,0,1,80
1016862,57,86,2304,387.03,485.03,0,1,67
1012100,58,86,2304,400.61,484.03,0,1,94
1145970,59,86,2304,484.03,484.03,0,0,108
1457296,60,86,2304,486.03,486.03,0,1,67
1070868,61,86,2304,486.03,486.03,0,1,42
1037336,62,86,2304,485.03,486.03,0,1,13
1319357,63,86,2304,484.03,485.03,0,1,80
1268519,64,86,2304,486.03,485.03,0,1,68
1007741,65,86,2304,486.03,484.03,0,1,68
1077194,66,86,2304,485.03,485.03,0,1,82
1218975,67,86,2304,485.03,486.03,0,1,82
1366201,68,86,2304,486.03,486.03,0,0,27
1372233,69,86,2304,485.03,486.03,0,0,13
1402641,70,86,2304,486.03,485.03,0,0,41
1131742,71,86,2304,486.03,485.03,0,1,54
1435239,72,86,2304,375.39,486.03,1,1,13
1122722,73,86,2304,388.03,486.03,0,0,40
1302496,74,86,2304,387.03,486.03,0,0,123
1494039,75,86,2304,389.03,485.03,0,1,82
1387409,76,86,2304,484.03,484.03,0,1,28
1380656,77,86,2304,486.03,486.03,0,1,67
1407721,78,86,2304,486.03,486.03,0,1,69
1099369,79,86,2304,484.03,484.03,0,0,40
1153990,81,86,2304,485.03,486.03,0,0,28
1421672,82,86,2304,484.03,484.03,0,0,14
1364363,83,86,2304,387.03,485.03,0,1,41
1189402,84,86,2304,389.03,485.03,0,1,80
1435256,85,86,2304,389.03,485.03,0,1,68
1491976,86,86,2304,387.03,484.03,0,1,96
1200157,87,86,2304,486.03,484.03,0,1,53
1235962,88,86,2304,484.03,484.03,0,1,67
1454155,89,86,2304,407.43,484.03,0,1,203
1183067,90,86,2304,485.03,485.03,0,1,15
1488098,91,86,2304,485.03,484.03,0,0,40
1422357,92,86,2304,484.03,485.03,0,0,26
1467273,93,86,2304,484.03,485.03,0,0,26
1109026,94,86,2304,484.03,484.03,0,0,53
1313480,95,86,2304,486.03,484.03,0,0,15
1360522,96,86,2304,484.03,485.03,0,0,14
1372339,97,86,2304,484.03,484.03,0,1,28
1386384,98,86,2304,339.5,486.03,0,0,54
1184636,99,86,2304,486.03,485.03,0,0,14
1288988,101,86,2304,485.03,485.03,0,0,41
1233412,102,86,2304,486.03,484.03,0,0,26
1302183,104,86,2304,485.03,484.03,0,0,53
1185902,105,86,2304,484.03,485.03,0,0,53
1017104,107,86,2304,485.03,485.03,0,0,55
1101459,108,86,2304,486.03,484.03,0,0,41
1226349,109,86,2304,486.03,485.03,0,0,68
1079569,110,86,2304,472.39,472.39,0,0,40
1117122,111,86,2304,474.39,474.39,0,0,53
1005794,112,86,2304,474.39,474.39,0,0,42
1359052,113,86,2304,472.39,474.39,0,0,53
1357817,114,86,2304,472.39,472.39,0,0,42
1110780,115,86,2304,474.39,472.39,0,0,26
1439145,116,86,2304,472.39,474.39,0,0,55
1164214,117,86,2304,388.03,473.39,0,1,80
1174219,118,86,2304,388.03,474.39,0,0,94
1497972,119,86,2304,387.03,472.39,0,0,27
1059678,120,86,2304,389.03,474.39,0,1,54
1099035,121,86,2304,470.51,468.51,0,0,41
1137872,122,86,2304,470.51,470.51,0,0,40
1234812,124,86,2304,470.51,469.51,0,0,27
1075800,125,86,2304,387.03,469.51,0,1,67
1005517,126,86,2304,388.03,469.51,0,1,55
1069682,127,86,2304,387.03,470.51,0,1,42
1073136,128,86,2304,388.03,468.51,0,1,14
1447355,129,86,2304,469.51,469.51,0,1,42
1370962,130,86,2304,468.51,470.51,0,0,40
1002380,131,86,2304,468.51,469.51,0,0,13
1286867,132,86,2304,470.51,470.51,0,0,27
1122153,133,86,2304,484.09,484.09,0,0,53
1379573,134,86,2304,482.09,482.09,0,0,55
1466298,135,86,2304,485.03,484.03,0,0,28
1220525,137,86,2304,388.03,485.03,1,0,27
1133658,138,86,2304,379.27,485.03,1,0,82
1174474,139,86,2304,388.03,486.03,0,1,204
1204011,140,86,2304,486.03,484.03,0,0,15
1389028,141,86,2304,486.03,485.03,0,0,94
1259584,142,86,2304,453.02,452.02,0,0,42
1283307,143,86,2304,486.03,485.03,0,0,69
1449660,145,86,2304,486.03,485.03,0,0,26
1068069,2,86,1445,628.62,627.62,0,0,15
1289486,3,86,1445,627.62,626.62,0,0,27
1332564,4,86,1445,628.62,627.62,0,0,68
1424633,5,86,1445,486.03,628.62,1,0,150
1456818,6,86,1445,485.03,628.62,0,1,108
1002193,7,86,1445,622.74,624.74,0,0,54
1001179,8,86,1445,669.33,669.33,0,0,13
1115304,9,86,1445,453.99,670.33,1,1,177
1456520,10,86,1445,457.87,669.33,1,1,149
1127742,11,86,1445,437.53,668.33,0,1,177
1095543,12,86,1445,618.86,618.86,0,0,14
1260610,14,86,1445,618.86,620.86,0,0,82
1424800,16,86,1445,618.86,618.86,0,0,14
1195887,17,86,1445,618.86,618.86,0,0,42
1141731,18,86,1445,618.86,618.86,0,0,27
1022031,19,86,1445,618.86,619.86,0,0,14
1277756,22,86,1445,618.86,619.86,0,0,14
1170847,23,86,1445,618.86,620.86,0,0,13
1350918,25,86,1445,534.53,619.86,0,0,13
1339546,26,86,1445,533.53,619.86,0,0,67
1009534,28,86,1445,533.53,618.86,0,0,55
1456673,29,86,1445,618.86,619.86,0,0,28
1118288,31,86,1445,619.86,619.86,0,0,53
1175434,32,86,1445,618.86,619.86,0,0,26
1176838,33,86,1445,486.03,618.86,1,0,81
1240724,34,86,1445,484.03,619.86,0,0,94
1462169,35,86,1445,668.33,670.33,0,0,14
1094294,36,86,1445,670.33,669.33,0,0,13
1496890,37,86,1445,669.33,670.33,0,0,15
1208332,40,86,1445,532.59,670.33,1,0,54
1362096,41,86,1445,485.03,670.33,1,0,176
1377588,42,86,1445,619.86,618.86,0,0,26
1147119,44,86,1445,618.86,620.86,0,0,27
1008329,45,86,1445,620.86,619.86,0,0,40
1420865,46,86,1445,620.86,620.86,0,0,26
1031259,47,86,1445,619.86,618.86,0,0,13
1441055,48,86,1445,618.86,620.86,0,0,68
1315093,49,86,1445,618.86,618.86,0,0,28
1339441,50,86,1445,630.56,630.56,0,0,68
1000545,52,86,1445,399.64,630.56,1,0,297
1208146,53,86,1445,389.03,629.56,1,0,405
1246755,54,86,1445,620.86,618.86,0,0,14
1297777,57,86,1445,608.19,608.19,0,0,54
1428283,58,86,1445,609.19,608.19,0,0,13
1025664,60,86,1445,486.03,608.19,1,0,107
1456747,61,86,1445,609.19,610.19,0,0,13
1467076,65,86,1445,486.03,609.19,1,1,80
1490103,66,86,1445,609.19,609.19,0,1,41
1300173,67,86,1445,609.19,610.19,0,0,15
1378642,68,86,1445,610.19,609.19,0,0,15
1174053,69,86,1445,486.03,608.19,1,0,108
1137986,70,86,1445,499.55,608.19,0,0,163
1318355,73,86,1445,612.13,612.13,0,0,28
1058460,74,86,1445,611.13,612.13,0,0,26
1014634,75,86,1445,610.13,610.13,0,0,14
1344409,78,86,1445,562.63,562.63,0,0,28
1480408,81,86,1445,670.33,669.33,0,0,15
1285310,82,86,1445,669.33,669.33,0,0,15
1371737,83,86,1445,670.33,669.33,0,0,27
1012828,84,86,1445,668.33,669.33,0,0,15
1338384,85,86,1445,668.33,670.33,0,0,14
1441722,86,86,1445,669.33,668.33,0,0,15
1142516,90,86,1445,435.53,670.33,1,1,26
1422435,91,86,1445,436.53,669.33,1,1,14
1123104,92,86,1445,668.33,668.33,0,0,53
1456208,94,86,1445,434.56,668.33,1,0,14
1296559,95,86,1445,436.56,668.33,1,1,14
1164234,96,86,1445,669.33,669.33,0,0,26
1249522,97,86,1445,668.33,669.33,0,0,27
1213636,98,86,1445,668.33,669.33,0,0,15
1471698,99,86,1445,668.33,668.33,0,0,26
1453380,100,86,1445,435.53,669.33,0,1,216
1054778,101,86,1445,436.53,670.33,1,0,54
1224990,104,86,1445,668.33,668.33,0,0,15
1230559,105,86,1445,669.33,668.33,0,0,15
1289578,106,86,1445,455.93,669.33,0,0,82
1167767,107,86,1445,456.93,670.33,1,0,40
1288566,109,86,1445,669.33,670.33,0,0,28
1295563,110,86,1445,670.33,670.33,0,0,27
1202700,111,86,1445,670.33,669.33,0,0,13
1168974,113,86,1445,670.33,670.33,0,0,15
1031980,117,86,1445,687.73,689.73,0,0,15
1173253,118,86,1445,689.73,689.73,0,0,15
1491220,121,86,1445,687.73,687.73,0,0,15
1162622,122,86,1445,478.24,687.73,1,0,189
1492530,123,86,1445,484.03,687.73,1,1,68
1272695,124,86,1445,687.73,689.73,0,0,27
1140512,126,86,1445,689.73,687.73,0,0,26
1065227,127,86,1445,687.73,688.73,0,0,15
1493248,128,86,1445,689.73,687.73,0,0,13
1159958,132,86,1445,726.53,727.53,0,0,14
1403118,133,86,1445,484.03,727.53,1,0,42
1415250,134,86,1445,532.53,728.53,1,0,67
1495937,135,86,1445,726.53,727.53,0,0,40
1160022,138,86,1445,726.53,727.53,0,0,27
1492740,139,86,1445,728.53,727.53,0,0,15
1460752,141,86,1445,726.53,728.53,0,0,28
1478724,143,86,1445,485.03,727.53,0,0,42
1406026,144,86,1445,485.03,728.53,1,0,217
1321101,145,86,1445,726.53,727.53,0,0,26
